node_modules/@supabase/storage-js/dist/index.d.cts(790,56): error TS2591: Cannot find name 'Buffer'. Do you need to install type definitions for node? Try `npm i --save-dev @types/node` and then add 'node' to the types field in your tsconfig.
node_modules/@supabase/storage-js/dist/index.d.cts(790,90): error TS2694: Namespace 'NodeJS' has no exported member 'ReadableStream'.
node_modules/@supabase/storage-js/dist/index.d.cts(987,73): error TS2591: Cannot find name 'Buffer'. Do you need to install type definitions for node? Try `npm i --save-dev @types/node` and then add 'node' to the types field in your tsconfig.
node_modules/@supabase/storage-js/dist/index.d.cts(987,107): error TS2694: Namespace 'NodeJS' has no exported member 'ReadableStream'.
